>openReadingFrame 0
AGTGCTCGCCGTGGGACGCCTTGGGAGCCGAAGGCGAGGGCCCCGCCTGGCCGGTATCGACGGAGTCCAGGGTCTGCAACAGCTCTTTTCGCAGAATCTCTTCCAGGCTTGTGGATAAACCGCTTACCGGGTTGACTTGCGTGCACGGAACGTCCCGGCGCGTGGCGATAGCGCCAGGCGAGACAACGGGATAGATACGCCGTTCGAGAGGGGCGAGCAGATAGAGATTGACCACAGCGCAGCGCCTTCGCGGACGCCGGATCGGAGCGCGGTGCCTGTGCATAAACCTCTCCCAGGTGGATATCCATCC
>openReadingFrame 1
ATCGACGGGCGCAGCGTGGACTTCTCGGTGATGACCGAGCAGCCGGGTGACACGCCGATCCCGGTGATGTCCTTCCTTGGTTCGAAGGAACAGCATCCCGAGCAGGTCAGTTGCTGGATCACCCATACCAACGCCCGGACCCACGAGATCATCGCCGCCAACCTCGATCGTTCGCCGATGTATTCCGGTGTGATCGAAGGCATCGGCCCGCGCTACTGTCCGTCGATCGAAGACAAGATCCATCGCTTCGCCGACAAGGAAAGCCACCAGGTCTTCCTCGAGCCGGAAGGCCTGACGACCCACGAGCTGTATCCCAACGGCATTTCCACGT
